
There are no discarded input sections

Memory Configuration

Name             Origin             Length             Attributes
ivt              0x0000000000000000 0x0000000000000400
bda              0x0000000000000400 0x0000000000000100
usable_memory_1  0x0000000000000500 0x0000000000007700
boot_sector      0x0000000000007c00 0x0000000000000200
usable_memory_2  0x0000000000007e00 0x0000000000078200
ebda             0x0000000000080000 0x0000000000020000
video_display_memory 0x00000000000a0000 0x0000000000020000
video_bios       0x00000000000c0000 0x0000000000008000
bios_expansions  0x00000000000c8000 0x0000000000028000
bios             0x00000000000f0000 0x0000000000010000
kernel_memory    0x0000000000100000 0xffffffffffefffff
*default*        0x0000000000000000 0xffffffffffffffff

Linker script and memory map


.memory_map     0x0000000000000500      0x1f8
 *(.memory_map)
 .memory_map    0x0000000000000500      0x1f8 /home/colin/projects/pkernel/build/obj/64/src/memory/memory_map.o
                0x0000000000000500                memory_map

.memory_map_length
                0x0000000000000900        0x4
 *(.memory_map_size)
 .memory_map_size
                0x0000000000000900        0x4 /home/colin/projects/pkernel/build/obj/64/src/memory/memory_map.o
                0x0000000000000900                memory_map_size

.comment        0x0000000000000000     0x14ac
 .comment       0x0000000000000000       0x36 /home/colin/projects/pkernel/build/obj/64/src/util/memory/memcpy.o
 .comment       0x0000000000000036       0x36 /home/colin/projects/pkernel/build/obj/64/src/util/string/strcmpn.o
 .comment       0x000000000000006c       0x36 /home/colin/projects/pkernel/build/obj/64/src/util/heap/init.o
 .comment       0x00000000000000a2       0x36 /home/colin/projects/pkernel/build/obj/64/src/util/heap/alloc.o
 .comment       0x00000000000000d8       0x36 /home/colin/projects/pkernel/build/obj/64/src/util/heap/free.o
 .comment       0x000000000000010e       0x36 /home/colin/projects/pkernel/build/obj/64/src/util/heap/realloc.o
 .comment       0x0000000000000144       0x36 /home/colin/projects/pkernel/build/obj/64/src/util/heap/usage.o
 .comment       0x000000000000017a       0x36 /home/colin/projects/pkernel/build/obj/64/src/util/heap/internal.o
 .comment       0x00000000000001b0       0x36 /home/colin/projects/pkernel/build/obj/64/src/paging/tables.o
 .comment       0x00000000000001e6       0x36 /home/colin/projects/pkernel/build/obj/64/src/paging/init.o
 .comment       0x000000000000021c       0x36 /home/colin/projects/pkernel/build/obj/64/src/paging/region.o
 .comment       0x0000000000000252       0x36 /home/colin/projects/pkernel/build/obj/64/src/paging/bitmap.o
 .comment       0x0000000000000288       0x36 /home/colin/projects/pkernel/build/obj/64/src/paging/mapper.o
 .comment       0x00000000000002be       0x36 /home/colin/projects/pkernel/build/obj/64/src/paging/translation_map.o
 .comment       0x00000000000002f4       0x36 /home/colin/projects/pkernel/build/obj/64/src/paging/table_allocator.o
 .comment       0x000000000000032a       0x36 /home/colin/projects/pkernel/build/obj/64/src/paging/virtual_allocator.o
 .comment       0x0000000000000360       0x36 /home/colin/projects/pkernel/build/obj/64/src/paging/physical_allocator.o
 .comment       0x0000000000000396       0x36 /home/colin/projects/pkernel/build/obj/64/src/paging/manager.o
 .comment       0x00000000000003cc       0x36 /home/colin/projects/pkernel/build/obj/64/src/memory/memory_map.o
 .comment       0x0000000000000402       0x36 /home/colin/projects/pkernel/build/obj/64/src/memory/primary_region.o
 .comment       0x0000000000000438       0x36 /home/colin/projects/pkernel/build/obj/64/src/memory/gdt.o
 .comment       0x000000000000046e       0x36 /home/colin/projects/pkernel/build/obj/64/src/task/tss.o
 .comment       0x00000000000004a4       0x36 /home/colin/projects/pkernel/build/obj/64/src/syscall/syscall_handler.o
 .comment       0x00000000000004da       0x36 /home/colin/projects/pkernel/build/obj/64/src/syscall/handlers/open.o
 .comment       0x0000000000000510       0x36 /home/colin/projects/pkernel/build/obj/64/src/syscall/handlers/close.o
 .comment       0x0000000000000546       0x36 /home/colin/projects/pkernel/build/obj/64/src/syscall/handlers/write.o
 .comment       0x000000000000057c       0x36 /home/colin/projects/pkernel/build/obj/64/src/syscall/handlers/read.o
 .comment       0x00000000000005b2       0x36 /home/colin/projects/pkernel/build/obj/64/src/syscall/handlers/seek.o
 .comment       0x00000000000005e8       0x36 /home/colin/projects/pkernel/build/obj/64/src/syscall/handlers/exit.o
 .comment       0x000000000000061e       0x36 /home/colin/projects/pkernel/build/obj/64/src/syscall/handlers/readdir.o
 .comment       0x0000000000000654       0x36 /home/colin/projects/pkernel/build/obj/64/src/syscall/handlers/chdir.o
 .comment       0x000000000000068a       0x36 /home/colin/projects/pkernel/build/obj/64/src/syscall/handlers/fork.o
 .comment       0x00000000000006c0       0x36 /home/colin/projects/pkernel/build/obj/64/src/syscall/handlers/exec.o
 .comment       0x00000000000006f6       0x36 /home/colin/projects/pkernel/build/obj/64/src/syscall/handlers/pipe.o
 .comment       0x000000000000072c       0x36 /home/colin/projects/pkernel/build/obj/64/src/syscall/handlers/dup.o
 .comment       0x0000000000000762       0x36 /home/colin/projects/pkernel/build/obj/64/src/interface/interface.o
 .comment       0x0000000000000798       0x36 /home/colin/projects/pkernel/build/obj/64/src/interface/interface_map.o
 .comment       0x00000000000007ce       0x36 /home/colin/projects/pkernel/build/obj/64/src/interface/fifo.o
 .comment       0x0000000000000804       0x36 /home/colin/projects/pkernel/build/obj/64/src/filesystem/filesystem.o
 .comment       0x000000000000083a       0x36 /home/colin/projects/pkernel/build/obj/64/src/filesystem/directory_entry.o
 .comment       0x0000000000000870       0x36 /home/colin/projects/pkernel/build/obj/64/src/filesystem/superblock.o
 .comment       0x00000000000008a6       0x36 /home/colin/projects/pkernel/build/obj/64/src/filesystem/node.o
 .comment       0x00000000000008dc       0x36 /home/colin/projects/pkernel/build/obj/64/src/filesystem/pipe.o
 .comment       0x0000000000000912       0x36 /home/colin/projects/pkernel/build/obj/64/src/filesystem/file.o
 .comment       0x0000000000000948       0x36 /home/colin/projects/pkernel/build/obj/64/src/filesystem/ramfs/ramfs.o
 .comment       0x000000000000097e       0x36 /home/colin/projects/pkernel/build/obj/64/src/io/arbitrator.o
 .comment       0x00000000000009b4       0x36 /home/colin/projects/pkernel/build/obj/64/src/timer/timer.o
 .comment       0x00000000000009ea       0x36 /home/colin/projects/pkernel/build/obj/64/src/pci/pci.o
 .comment       0x0000000000000a20       0x36 /home/colin/projects/pkernel/build/obj/64/src/event/event.o
 .comment       0x0000000000000a56       0x36 /home/colin/projects/pkernel/build/obj/64/src/event/waiter.o
 .comment       0x0000000000000a8c       0x36 /home/colin/projects/pkernel/build/obj/64/src/process/process.o
 .comment       0x0000000000000ac2       0x36 /home/colin/projects/pkernel/build/obj/64/src/process/scheduler.o
 .comment       0x0000000000000af8       0x36 /home/colin/projects/pkernel/build/obj/64/src/process/address_translation.o
 .comment       0x0000000000000b2e       0x36 /home/colin/projects/pkernel/build/obj/64/src/process/file_table.o
 .comment       0x0000000000000b64       0x36 /home/colin/projects/pkernel/build/obj/64/src/process/thread_table.o
 .comment       0x0000000000000b9a       0x36 /home/colin/projects/pkernel/build/obj/64/src/process/signal.o
 .comment       0x0000000000000bd0       0x36 /home/colin/projects/pkernel/build/obj/64/src/process/signal_trampoline.o
 .comment       0x0000000000000c06       0x36 /home/colin/projects/pkernel/build/obj/64/src/device/device.o
 .comment       0x0000000000000c3c       0x36 /home/colin/projects/pkernel/build/obj/64/src/device/devfs.o
 .comment       0x0000000000000c72       0x36 /home/colin/projects/pkernel/build/obj/64/src/sysfs/sysfs.o
 .comment       0x0000000000000ca8       0x36 /home/colin/projects/pkernel/build/obj/64/src/interrupt/init.o
 .comment       0x0000000000000cde       0x36 /home/colin/projects/pkernel/build/obj/64/src/interrupt/idt.o
 .comment       0x0000000000000d14       0x36 /home/colin/projects/pkernel/build/obj/64/src/interrupt/interrupt_registry.o
 .comment       0x0000000000000d4a       0x36 /home/colin/projects/pkernel/build/obj/64/src/interrupt/pic.o
 .comment       0x0000000000000d80       0x36 /home/colin/projects/pkernel/build/obj/64/src/interrupt/apic.o
 .comment       0x0000000000000db6       0x36 /home/colin/projects/pkernel/build/obj/64/src/interrupt/handlers/div0.o
 .comment       0x0000000000000dec       0x36 /home/colin/projects/pkernel/build/obj/64/src/interrupt/handlers/nmi.o
 .comment       0x0000000000000e22       0x36 /home/colin/projects/pkernel/build/obj/64/src/interrupt/handlers/bp_int3.o
 .comment       0x0000000000000e58       0x36 /home/colin/projects/pkernel/build/obj/64/src/interrupt/handlers/ovf.o
 .comment       0x0000000000000e8e       0x36 /home/colin/projects/pkernel/build/obj/64/src/interrupt/handlers/bound_range.o
 .comment       0x0000000000000ec4       0x36 /home/colin/projects/pkernel/build/obj/64/src/interrupt/handlers/invalid_opcode.o
 .comment       0x0000000000000efa       0x36 /home/colin/projects/pkernel/build/obj/64/src/interrupt/handlers/device_not_avail.o
 .comment       0x0000000000000f30       0x36 /home/colin/projects/pkernel/build/obj/64/src/interrupt/handlers/double_fault.o
 .comment       0x0000000000000f66       0x36 /home/colin/projects/pkernel/build/obj/64/src/interrupt/handlers/coproc_segment_overrun.o
 .comment       0x0000000000000f9c       0x36 /home/colin/projects/pkernel/build/obj/64/src/interrupt/handlers/invalid_tss.o
 .comment       0x0000000000000fd2       0x36 /home/colin/projects/pkernel/build/obj/64/src/interrupt/handlers/segment_not_present.o
 .comment       0x0000000000001008       0x36 /home/colin/projects/pkernel/build/obj/64/src/interrupt/handlers/stack_segment_fault.o
 .comment       0x000000000000103e       0x36 /home/colin/projects/pkernel/build/obj/64/src/interrupt/handlers/general_protection_fault.o
 .comment       0x0000000000001074       0x36 /home/colin/projects/pkernel/build/obj/64/src/interrupt/handlers/page_fault.o
 .comment       0x00000000000010aa       0x36 /home/colin/projects/pkernel/build/obj/64/src/interrupt/handlers/x87_fpu.o
 .comment       0x00000000000010e0       0x36 /home/colin/projects/pkernel/build/obj/64/src/interrupt/handlers/alignment_check.o
 .comment       0x0000000000001116       0x36 /home/colin/projects/pkernel/build/obj/64/src/interrupt/handlers/machine_check.o
 .comment       0x000000000000114c       0x36 /home/colin/projects/pkernel/build/obj/64/src/interrupt/handlers/simd_fpu_error.o
 .comment       0x0000000000001182       0x36 /home/colin/projects/pkernel/build/obj/64/src/interrupt/handlers/timer_handler.o
 .comment       0x00000000000011b8       0x36 /home/colin/projects/pkernel/build/obj/64/src/interrupt/handlers/keyboard_handler.o
 .comment       0x00000000000011ee       0x36 /home/colin/projects/pkernel/build/obj/64/src/main.o
 .comment       0x0000000000001224       0x36 /home/colin/projects/pkernel/build/obj/64/src/entry_error.o
 .comment       0x000000000000125a       0x36 /home/colin/projects/pkernel/build/module/modules/vga_frame_buffer/module.o
 .comment       0x0000000000001290       0x6c /home/colin/projects/pkernel/build/module/modules/keyboard_pio/module.o
 .comment       0x00000000000012fc       0xa2 /home/colin/projects/pkernel/build/module/modules/vga_terminal/module.o
 .comment       0x000000000000139e       0x36 /home/colin/projects/pkernel/build/module/modules/disc_pio/module.o
 .comment       0x00000000000013d4       0xd8 /home/colin/projects/pkernel/build/module/modules/pkfs/module.o

.kernel_region  0x0000000000000904       0x14
 *(.kernel_region_base)
 *fill*         0x0000000000000904        0x4 
 .kernel_region_base
                0x0000000000000908        0x8 /home/colin/projects/pkernel/build/obj/64/src/memory/memory_map.o
                0x0000000000000908                kernel_region_base
 *(.kernel_region_length)
 .kernel_region_length
                0x0000000000000910        0x8 /home/colin/projects/pkernel/build/obj/64/src/memory/memory_map.o
                0x0000000000000910                kernel_region_length
                0x00000000c0000000                . = 0xc0000000
                0x00000000c0000000                _kernel_start = .
                0x00000000c0000000                _text_start = .

.kernel_entry   0x00000000c0000000       0x13 load address 0x0000000000000000
 *(.kernel_entry)
 .kernel_entry  0x00000000c0000000       0x13 /home/colin/projects/pkernel/build/obj/64/src/entry.o
                0x00000000c0000000                kernel_entry

.text           0x00000000c0000013     0xcb91 load address 0x0000000000000013
 *(.text*)
 *fill*         0x00000000c0000013        0xd 
 .text          0x00000000c0000020      0x111 /home/colin/projects/pkernel/build/obj/64/src/util/memory/memcpy.o
                0x00000000c0000020                memcpy
 .text          0x00000000c0000131       0x13 /home/colin/projects/pkernel/build/obj/64/src/util/memory/memset.o
                0x00000000c0000131                memset
 .text          0x00000000c0000144       0x20 /home/colin/projects/pkernel/build/obj/64/src/util/string/strcmp.o
                0x00000000c0000144                strcmp
 *fill*         0x00000000c0000164        0xc 
 .text          0x00000000c0000170       0x33 /home/colin/projects/pkernel/build/obj/64/src/util/string/strcmpn.o
                0x00000000c0000170                strcmpn
 .text          0x00000000c00001a3       0x14 /home/colin/projects/pkernel/build/obj/64/src/util/string/strlen.o
                0x00000000c00001a3                strlen
 .text          0x00000000c00001b7        0xf /home/colin/projects/pkernel/build/obj/64/src/util/string/strcpy.o
                0x00000000c00001b7                strcpy
 .text          0x00000000c00001c6       0x17 /home/colin/projects/pkernel/build/obj/64/src/util/math/pow.o
                0x00000000c00001c6                math_pow
 *fill*         0x00000000c00001dd        0x3 
 .text          0x00000000c00001e0      0x2bc /home/colin/projects/pkernel/build/obj/64/src/util/heap/init.o
                0x00000000c00001e0                heap_init
 *fill*         0x00000000c000049c        0x4 
 .text          0x00000000c00004a0       0xd8 /home/colin/projects/pkernel/build/obj/64/src/util/heap/alloc.o
                0x00000000c00004a0                heap_alloc
 *fill*         0x00000000c0000578        0x8 
 .text          0x00000000c0000580       0x97 /home/colin/projects/pkernel/build/obj/64/src/util/heap/free.o
                0x00000000c0000580                heap_free
 *fill*         0x00000000c0000617        0x9 
 .text          0x00000000c0000620       0x4e /home/colin/projects/pkernel/build/obj/64/src/util/heap/realloc.o
                0x00000000c0000620                heap_realloc
 *fill*         0x00000000c000066e       0x12 
 .text          0x00000000c0000680       0x5e /home/colin/projects/pkernel/build/obj/64/src/util/heap/usage.o
                0x00000000c0000680                heap_total
                0x00000000c0000690                heap_usage
 *fill*         0x00000000c00006de        0x2 
 .text          0x00000000c00006e0       0xc2 /home/colin/projects/pkernel/build/obj/64/src/util/heap/internal.o
                0x00000000c00006e0                heap_check
 .text          0x00000000c00007a2        0x0 /home/colin/projects/pkernel/build/obj/64/src/paging/tables.o
 *fill*         0x00000000c00007a2       0x1e 
 .text          0x00000000c00007c0      0x6ac /home/colin/projects/pkernel/build/obj/64/src/paging/init.o
                0x00000000c00007c0                paging_init
                0x00000000c0000db0                paging_init_stage2
 .text          0x00000000c0000e6c        0x0 /home/colin/projects/pkernel/build/obj/64/src/paging/region.o
 *fill*         0x00000000c0000e6c       0x14 
 .text          0x00000000c0000e80      0x5c3 /home/colin/projects/pkernel/build/obj/64/src/paging/bitmap.o
                0x00000000c0000e80                paging_bitmap_init
                0x00000000c0001280                bitmap_reserve
                0x00000000c00012f0                bitmap_reserve_contiguous
                0x00000000c00013c0                bitmap_free
 *fill*         0x00000000c0001443       0x3d 
 .text          0x00000000c0001480      0xbdf /home/colin/projects/pkernel/build/obj/64/src/paging/mapper.o
                0x00000000c0001480                paging_map_ex
                0x00000000c0001f50                paging_unmap
 .text.unlikely
                0x00000000c000205f       0x14 /home/colin/projects/pkernel/build/obj/64/src/paging/mapper.o
 *fill*         0x00000000c0002073        0xd 
 .text          0x00000000c0002080      0xa49 /home/colin/projects/pkernel/build/obj/64/src/paging/translation_map.o
                0x00000000c0002080                paging_tmap_init
                0x00000000c0002450                paging_tmap_map
                0x00000000c00027f0                paging_tmap_unmap
                0x00000000c0002890                paging_tmap_translate
                0x00000000c0002900                paging_tmap_translate_tables
 .text.unlikely
                0x00000000c0002ac9       0x1e /home/colin/projects/pkernel/build/obj/64/src/paging/translation_map.o
 *fill*         0x00000000c0002ae7       0x19 
 .text          0x00000000c0002b00      0x6d0 /home/colin/projects/pkernel/build/obj/64/src/paging/table_allocator.o
                0x00000000c0002b00                paging_talloc_init
                0x00000000c0002df0                paging_talloc_alloc
                0x00000000c00031c0                paging_talloc_free
 *fill*         0x00000000c00031d0       0x10 
 .text          0x00000000c00031e0      0x415 /home/colin/projects/pkernel/build/obj/64/src/paging/virtual_allocator.o
                0x00000000c00031e0                valloc_init
                0x00000000c0003250                valloc_free
                0x00000000c00032a0                valloc_alloc
                0x00000000c0003360                valloc_reserve
                0x00000000c0003520                valloc_release
 *fill*         0x00000000c00035f5        0xb 
 .text          0x00000000c0003600      0x1f5 /home/colin/projects/pkernel/build/obj/64/src/paging/physical_allocator.o
                0x00000000c0003600                palloc_alloc
                0x00000000c0003690                palloc_alloc_contiguous
                0x00000000c0003740                palloc_free
 *fill*         0x00000000c00037f5        0xb 
 .text          0x00000000c0003800     0x186a /home/colin/projects/pkernel/build/obj/64/src/paging/manager.o
                0x00000000c0003800                pman_init
                0x00000000c00038c0                pman_new_context
                0x00000000c0003a00                pman_context_load_table
                0x00000000c0003a10                pman_context_add_alloc
                0x00000000c0003ba0                pman_context_add_map
                0x00000000c0003ce0                pman_context_add_borrowed
                0x00000000c0003f10                pman_context_add_shared
                0x00000000c0004150                pman_context_unmap
                0x00000000c00044e0                pman_free_context
                0x00000000c0004790                pman_context_resize
                0x00000000c0004910                pman_context_get_vaddr
                0x00000000c0004960                pman_context_prepare_write
                0x00000000c0004980                pman_page_fault_handler
 *fill*         0x00000000c000506a       0x16 
 .text          0x00000000c0005080       0x6e /home/colin/projects/pkernel/build/obj/64/src/memory/memory_map.o
                0x00000000c0005080                get_primary_memory_region
 *fill*         0x00000000c00050ee        0x2 
 .text          0x00000000c00050f0       0x2b /home/colin/projects/pkernel/build/obj/64/src/memory/primary_region.o
                0x00000000c00050f0                primary_region_init
 .text          0x00000000c000511b        0x0 /home/colin/projects/pkernel/build/obj/64/src/memory/gdt.o
 .text          0x00000000c000511b        0x0 /home/colin/projects/pkernel/build/obj/64/src/task/tss.o
 .text          0x00000000c000511b       0x7d /home/colin/projects/pkernel/build/obj/64/src/task/enter_user_mode.o
                0x00000000c000511b                enter_user_mode
 .text          0x00000000c0005198       0x44 /home/colin/projects/pkernel/build/obj/64/src/syscall/syscall_handler_entry.o
                0x00000000c0005198                syscall_handler_entry
 *fill*         0x00000000c00051dc        0x4 
 .text          0x00000000c00051e0      0x212 /home/colin/projects/pkernel/build/obj/64/src/syscall/syscall_handler.o
                0x00000000c00051e0                syscall_handler
 .text.unlikely
                0x00000000c00053f2        0xf /home/colin/projects/pkernel/build/obj/64/src/syscall/syscall_handler.o
 *fill*         0x00000000c0005401        0xf 
 .text          0x00000000c0005410       0xb8 /home/colin/projects/pkernel/build/obj/64/src/syscall/handlers/open.o
                0x00000000c0005410                syscall_open
 *fill*         0x00000000c00054c8        0x8 
 .text          0x00000000c00054d0       0x30 /home/colin/projects/pkernel/build/obj/64/src/syscall/handlers/close.o
                0x00000000c00054d0                syscall_close
 .text          0x00000000c0005500       0x91 /home/colin/projects/pkernel/build/obj/64/src/syscall/handlers/write.o
                0x00000000c0005500                syscall_write
 *fill*         0x00000000c0005591        0xf 
 .text          0x00000000c00055a0       0x91 /home/colin/projects/pkernel/build/obj/64/src/syscall/handlers/read.o
                0x00000000c00055a0                syscall_read
 *fill*         0x00000000c0005631        0xf 
 .text          0x00000000c0005640       0xa9 /home/colin/projects/pkernel/build/obj/64/src/syscall/handlers/seek.o
                0x00000000c0005640                syscall_seek
 *fill*         0x00000000c00056e9        0x7 
 .text          0x00000000c00056f0       0x2b /home/colin/projects/pkernel/build/obj/64/src/syscall/handlers/exit.o
                0x00000000c00056f0                syscall_exit
 *fill*         0x00000000c000571b        0x5 
 .text          0x00000000c0005720       0x91 /home/colin/projects/pkernel/build/obj/64/src/syscall/handlers/readdir.o
                0x00000000c0005720                syscall_readdir
 *fill*         0x00000000c00057b1        0xf 
 .text          0x00000000c00057c0       0xa3 /home/colin/projects/pkernel/build/obj/64/src/syscall/handlers/chdir.o
                0x00000000c00057c0                syscall_chdir
 *fill*         0x00000000c0005863        0xd 
 .text          0x00000000c0005870       0x52 /home/colin/projects/pkernel/build/obj/64/src/syscall/handlers/fork.o
                0x00000000c0005870                syscall_fork
 *fill*         0x00000000c00058c2        0xe 
 .text          0x00000000c00058d0      0x2d4 /home/colin/projects/pkernel/build/obj/64/src/syscall/handlers/exec.o
                0x00000000c00058d0                syscall_exec
 *fill*         0x00000000c0005ba4        0xc 
 .text          0x00000000c0005bb0       0xa4 /home/colin/projects/pkernel/build/obj/64/src/syscall/handlers/pipe.o
                0x00000000c0005bb0                syscall_pipe
 *fill*         0x00000000c0005c54        0xc 
 .text          0x00000000c0005c60       0x80 /home/colin/projects/pkernel/build/obj/64/src/syscall/handlers/dup.o
                0x00000000c0005c60                syscall_dup
 .text          0x00000000c0005ce0      0x384 /home/colin/projects/pkernel/build/obj/64/src/interface/interface.o
                0x00000000c0005ce0                interface_init
                0x00000000c0005d80                interface_free
                0x00000000c0005e20                interface_add_method
                0x00000000c0005ee0                interface_lookup_method
                0x00000000c0005f70                interface_add_fifo
                0x00000000c0005fe0                interface_lookup_fifo
 *fill*         0x00000000c0006064        0xc 
 .text          0x00000000c0006070      0x312 /home/colin/projects/pkernel/build/obj/64/src/interface/interface_map.o
                0x00000000c0006070                interface_map_init
                0x00000000c00060b0                interface_map_free
                0x00000000c0006100                interface_map_add
                0x00000000c00061c0                interface_map_add_unprotected
                0x00000000c0006230                interface_map_remove
                0x00000000c0006270                interface_map_lookup
                0x00000000c00062f0                interface_map_lookup_instance
 *fill*         0x00000000c0006382       0x3e 
 .text          0x00000000c00063c0      0x2ef /home/colin/projects/pkernel/build/obj/64/src/interface/fifo.o
                0x00000000c00063c0                interface_fifo_init
                0x00000000c0006440                interface_fifo_free
                0x00000000c0006470                interface_fifo_write
                0x00000000c0006590                interface_fifo_read
                0x00000000c0006600                interface_fifo_read_blocking
                0x00000000c0006650                interface_fifo_clear
                0x00000000c0006660                interface_fifo_consume
 *fill*         0x00000000c00066af       0x11 
 .text          0x00000000c00066c0      0x646 /home/colin/projects/pkernel/build/obj/64/src/filesystem/filesystem.o
                0x00000000c00066c0                fs_init
                0x00000000c0006750                fs_register
                0x00000000c0006860                fs_unregister
                0x00000000c0006930                fs_mount
                0x00000000c0006a50                fs_make
                0x00000000c0006ad0                fs_make_anon
                0x00000000c0006b30                fs_open_path
                0x00000000c0006ca0                fs_make_path
 *fill*         0x00000000c0006d06        0xa 
 .text          0x00000000c0006d10      0x3c6 /home/colin/projects/pkernel/build/obj/64/src/filesystem/directory_entry.o
                0x00000000c0006d10                fs_directory_entry_create
                0x00000000c0006da0                fs_directory_entry_add_entry
                0x00000000c0006e70                fs_directory_entry_enter
                0x00000000c0006f40                fs_directory_node_enter
                0x00000000c0006fa0                fs_directory_entry_release
                0x00000000c00070d0                fs_directory_entry_add_reference
 *fill*         0x00000000c00070d6        0xa 
 .text          0x00000000c00070e0       0x3c /home/colin/projects/pkernel/build/obj/64/src/filesystem/superblock.o
                0x00000000c00070e0                superblock_alloc
                0x00000000c0007110                superblock_free
 *fill*         0x00000000c000711c        0x4 
 .text          0x00000000c0007120       0x39 /home/colin/projects/pkernel/build/obj/64/src/filesystem/node.o
                0x00000000c0007120                fs_node_init
                0x00000000c0007130                fs_node_add_reference
                0x00000000c0007140                fs_node_release
 *fill*         0x00000000c0007159        0x7 
 .text          0x00000000c0007160      0x14d /home/colin/projects/pkernel/build/obj/64/src/filesystem/pipe.o
                0x00000000c0007160                pipe_init
                0x00000000c00071d0                pipe_free
                0x00000000c0007210                pipe_read
                0x00000000c0007260                pipe_write
 *fill*         0x00000000c00072ad        0x3 
 .text          0x00000000c00072b0      0x3b0 /home/colin/projects/pkernel/build/obj/64/src/filesystem/file.o
                0x00000000c00072b0                file_init
                0x00000000c0007300                file_clone
                0x00000000c0007350                file_read
                0x00000000c00073e0                file_write
                0x00000000c00074a0                file_map
                0x00000000c0007550                file_close
                0x00000000c0007560                file_readdir
 *fill*         0x00000000c0007660       0x20 
 .text          0x00000000c0007680      0x5b5 /home/colin/projects/pkernel/build/obj/64/src/filesystem/ramfs/ramfs.o
                0x00000000c0007680                fs_ramfs_unmount
                0x00000000c0007690                fs_ramfs_mount
                0x00000000c00076e0                ramfs_list
                0x00000000c0007700                ramfs_link
                0x00000000c0007750                ramfs_read
                0x00000000c00077b0                ramfs_create
                0x00000000c0007850                ramfs_free_node
                0x00000000c00078e0                ramfs_alloc_node
                0x00000000c0007980                ramfs_write
                0x00000000c0007c00                fs_ramfs_init
 *fill*         0x00000000c0007c35        0xb 
 .text          0x00000000c0007c40      0x15c /home/colin/projects/pkernel/build/obj/64/src/io/arbitrator.o
                0x00000000c0007c40                io_arbitrator_init
                0x00000000c0007c80                io_arbitrator_test_reserved
                0x00000000c0007cc0                io_arbitrator_reserve
                0x00000000c0007d40                io_arbitrator_release
 *fill*         0x00000000c0007d9c        0x4 
 .text          0x00000000c0007da0      0x263 /home/colin/projects/pkernel/build/obj/64/src/timer/timer.o
                0x00000000c0007da0                timers_interrupt_handler
                0x00000000c0007e50                timer_init
                0x00000000c0007ed0                timer_free
                0x00000000c0007ef0                timers_init
                0x00000000c0007f70                timers_update
 *fill*         0x00000000c0008003       0x1d 
 .text          0x00000000c0008020      0x3d5 /home/colin/projects/pkernel/build/obj/64/src/pci/pci.o
                0x00000000c0008020                pci_init
                0x00000000c0008260                pci_watch
                0x00000000c0008390                pci_unwatch
 *fill*         0x00000000c00083f5        0xb 
 .text          0x00000000c0008400       0x51 /home/colin/projects/pkernel/build/obj/64/src/event/event.o
                0x00000000c0008400                event_init
                0x00000000c0008420                event_free
                0x00000000c0008440                event_await
                0x00000000c0008450                event_invoke_once
 .text          0x00000000c0008451        0x0 /home/colin/projects/pkernel/build/obj/64/src/event/waiter.o
 *fill*         0x00000000c0008451        0xf 
 .text          0x00000000c0008460      0x7d3 /home/colin/projects/pkernel/build/obj/64/src/process/process.o
                0x00000000c0008460                process_init
                0x00000000c0008660                process_init_fork
                0x00000000c0008840                process_free
                0x00000000c00088d0                process_push_args
                0x00000000c0008b00                process_load_isr
                0x00000000c0008b30                process_set_working_dir
                0x00000000c0008b60                process_start
                0x00000000c0008b70                process_kill
                0x00000000c0008b80                process_open_path
                0x00000000c0008be0                process_make_path
 *fill*         0x00000000c0008c33        0xd 
 .text          0x00000000c0008c40      0x4b3 /home/colin/projects/pkernel/build/obj/64/src/process/scheduler.o
                0x00000000c0008c40                scheduler_timer_handler
                0x00000000c0008c90                scheduler_init
                0x00000000c0008d10                scheduler_queue
                0x00000000c0008e00                scheduler_queue_fork
                0x00000000c0008ec0                scheduler_get_id
                0x00000000c0008f00                scheduler_start
                0x00000000c00090c0                scheduler_current_process
                0x00000000c00090d0                scheduler_current_thread
 *fill*         0x00000000c00090f3        0xd 
 .text          0x00000000c0009100       0x6c /home/colin/projects/pkernel/build/obj/64/src/process/address_translation.o
                0x00000000c0009100                process_user_to_kernel
 *fill*         0x00000000c000916c        0x4 
 .text          0x00000000c0009170      0x47b /home/colin/projects/pkernel/build/obj/64/src/process/file_table.o
                0x00000000c0009170                process_file_table_init
                0x00000000c00091c0                process_file_table_clone
                0x00000000c0009280                process_file_table_free
                0x00000000c0009310                process_file_table_set
                0x00000000c00093b0                process_file_table_open
                0x00000000c0009550                process_file_table_close
                0x00000000c00095d0                process_file_table_get
 *fill*         0x00000000c00095eb        0x5 
 .text          0x00000000c00095f0      0x2de /home/colin/projects/pkernel/build/obj/64/src/process/thread_table.o
                0x00000000c00095f0                process_thread_table_init
                0x00000000c0009640                process_thread_table_free
                0x00000000c00096c0                process_thread_table_create_thread
                0x00000000c0009800                process_thread_table_create_thread_fork
 *fill*         0x00000000c00098ce        0x2 
 .text          0x00000000c00098d0      0x267 /home/colin/projects/pkernel/build/obj/64/src/process/signal.o
                0x00000000c00098d0                signal_table_init
                0x00000000c0009930                signal_table_free
                0x00000000c0009980                signal_table_register
                0x00000000c00099e0                signal_table_invoke
                0x00000000c0009a30                signal_table_enter
 .text          0x00000000c0009b37        0x0 /home/colin/projects/pkernel/build/obj/64/src/process/signal_trampoline.o
 *fill*         0x00000000c0009b37        0x9 
 .text          0x00000000c0009b40      0x2d9 /home/colin/projects/pkernel/build/obj/64/src/device/device.o
                0x00000000c0009b40                device_init
                0x00000000c0009b90                device_create_char
                0x00000000c0009c70                device_create_block
                0x00000000c0009d50                device_remove
                0x00000000c0009d80                device_read
                0x00000000c0009dd0                device_write
 *fill*         0x00000000c0009e19        0x7 
 .text          0x00000000c0009e20      0x465 /home/colin/projects/pkernel/build/obj/64/src/device/devfs.o
                0x00000000c0009e20                devfs_unmount
                0x00000000c0009e30                devfs_free
                0x00000000c0009e50                devfs_list
                0x00000000c0009f00                devfs_write
                0x00000000c0009f30                devfs_read
                0x00000000c0009f60                devfs_mount
                0x00000000c000a010                devfs_init
                0x00000000c000a100                devfs_register
                0x00000000c000a240                devfs_remove
                0x00000000c000a280                devfs_open
 *fill*         0x00000000c000a285        0xb 
 .text          0x00000000c000a290        0x3 /home/colin/projects/pkernel/build/obj/64/src/sysfs/sysfs.o
                0x00000000c000a290                sysfs_init
 *fill*         0x00000000c000a293        0xd 
 .text          0x00000000c000a2a0     0x10d3 /home/colin/projects/pkernel/build/obj/64/src/interrupt/init.o
                0x00000000c000a2a0                interrupt_init
 .text          0x00000000c000b373        0x0 /home/colin/projects/pkernel/build/obj/64/src/interrupt/idt.o
 .text          0x00000000c000b373      0x2cf /home/colin/projects/pkernel/build/obj/64/src/interrupt/handler_entries.o
                0x00000000c000b373                null_handler_entry
                0x00000000c000b376                div0_handler_entry
                0x00000000c000b398                nmi_handler_entry
                0x00000000c000b3ba                bp_int3_handler_entry
                0x00000000c000b3dc                ovf_handler_entry
                0x00000000c000b3fe                bound_range_handler_entry
                0x00000000c000b420                invalid_opcode_handler_entry
                0x00000000c000b442                device_not_avail_handler_entry
                0x00000000c000b464                double_fault_handler_entry
                0x00000000c000b466                coproc_segment_overrun_handler_entry
                0x00000000c000b488                invalid_tss_handler_entry
                0x00000000c000b4aa                segment_not_present_handler_entry
                0x00000000c000b4cc                stack_segment_fault_handler_entry
                0x00000000c000b4ee                general_protection_fault_handler_entry
                0x00000000c000b511                page_fault_handler_entry
                0x00000000c000b54e                x87_fpu_handler_entry
                0x00000000c000b570                alignment_check_handler_entry
                0x00000000c000b592                machine_check_handler_entry
                0x00000000c000b5b4                simd_fpu_error_handler_entry
                0x00000000c000b5d6                null_pic1_handler
                0x00000000c000b5de                null_pic2_handler
                0x00000000c000b5e8                pic1_keyboard_handler_entry
                0x00000000c000b615                pic1_timer_handler_entry
 *fill*         0x00000000c000b642       0x1e 
 .text          0x00000000c000b660       0xe1 /home/colin/projects/pkernel/build/obj/64/src/interrupt/interrupt_registry.o
                0x00000000c000b660                interrupt_registry_init
                0x00000000c000b6a0                interrupt_registry_register
                0x00000000c000b6e0                interrupt_registry_free
                0x00000000c000b720                interrupt_registry_invoke
 *fill*         0x00000000c000b741        0xf 
 .text          0x00000000c000b750      0x27d /home/colin/projects/pkernel/build/obj/64/src/interrupt/pic.o
                0x00000000c000b750                interrupt_pic_init
                0x00000000c000b900                interrupt_pic_remap
                0x00000000c000b970                interrupt_pic_mask_all
                0x00000000c000b980                interrupt_pic_set_mask
                0x00000000c000b9b0                interrupt_pic_clear_mask
 *fill*         0x00000000c000b9cd        0x3 
 .text          0x00000000c000b9d0       0x21 /home/colin/projects/pkernel/build/obj/64/src/interrupt/apic.o
                0x00000000c000b9d0                interrupt_apic_available
                0x00000000c000b9f0                interrupt_apic_init
 *fill*         0x00000000c000b9f1        0xf 
 .text          0x00000000c000ba00        0xe /home/colin/projects/pkernel/build/obj/64/src/interrupt/handlers/div0.o
                0x00000000c000ba00                div0_handler
 *fill*         0x00000000c000ba0e        0x2 
 .text          0x00000000c000ba10       0x11 /home/colin/projects/pkernel/build/obj/64/src/interrupt/handlers/nmi.o
                0x00000000c000ba10                nmi_handler
 *fill*         0x00000000c000ba21        0xf 
 .text          0x00000000c000ba30       0x11 /home/colin/projects/pkernel/build/obj/64/src/interrupt/handlers/bp_int3.o
                0x00000000c000ba30                bp_int3_handler
 *fill*         0x00000000c000ba41        0xf 
 .text          0x00000000c000ba50       0x11 /home/colin/projects/pkernel/build/obj/64/src/interrupt/handlers/ovf.o
                0x00000000c000ba50                ovf_handler
 *fill*         0x00000000c000ba61        0xf 
 .text          0x00000000c000ba70       0x11 /home/colin/projects/pkernel/build/obj/64/src/interrupt/handlers/bound_range.o
                0x00000000c000ba70                bound_range_handler
 *fill*         0x00000000c000ba81        0xf 
 .text          0x00000000c000ba90       0x11 /home/colin/projects/pkernel/build/obj/64/src/interrupt/handlers/invalid_opcode.o
                0x00000000c000ba90                invalid_opcode_handler
 *fill*         0x00000000c000baa1        0xf 
 .text          0x00000000c000bab0       0x11 /home/colin/projects/pkernel/build/obj/64/src/interrupt/handlers/device_not_avail.o
                0x00000000c000bab0                device_not_avail_handler
 *fill*         0x00000000c000bac1        0xf 
 .text          0x00000000c000bad0       0x11 /home/colin/projects/pkernel/build/obj/64/src/interrupt/handlers/double_fault.o
                0x00000000c000bad0                double_fault_handler
 *fill*         0x00000000c000bae1        0xf 
 .text          0x00000000c000baf0       0x11 /home/colin/projects/pkernel/build/obj/64/src/interrupt/handlers/coproc_segment_overrun.o
                0x00000000c000baf0                coproc_segment_overrun_handler
 *fill*         0x00000000c000bb01        0xf 
 .text          0x00000000c000bb10       0x11 /home/colin/projects/pkernel/build/obj/64/src/interrupt/handlers/invalid_tss.o
                0x00000000c000bb10                invalid_tss_handler
 *fill*         0x00000000c000bb21        0xf 
 .text          0x00000000c000bb30       0x11 /home/colin/projects/pkernel/build/obj/64/src/interrupt/handlers/segment_not_present.o
                0x00000000c000bb30                segment_not_present_handler
 *fill*         0x00000000c000bb41        0xf 
 .text          0x00000000c000bb50       0x11 /home/colin/projects/pkernel/build/obj/64/src/interrupt/handlers/stack_segment_fault.o
                0x00000000c000bb50                stack_segment_fault_handler
 *fill*         0x00000000c000bb61        0xf 
 .text          0x00000000c000bb70       0x11 /home/colin/projects/pkernel/build/obj/64/src/interrupt/handlers/general_protection_fault.o
                0x00000000c000bb70                general_protection_fault_handler
 *fill*         0x00000000c000bb81        0xf 
 .text          0x00000000c000bb90       0x78 /home/colin/projects/pkernel/build/obj/64/src/interrupt/handlers/page_fault.o
                0x00000000c000bb90                page_fault_handler
 *fill*         0x00000000c000bc08        0x8 
 .text          0x00000000c000bc10       0x11 /home/colin/projects/pkernel/build/obj/64/src/interrupt/handlers/x87_fpu.o
                0x00000000c000bc10                x87_fpu_handler
 *fill*         0x00000000c000bc21        0xf 
 .text          0x00000000c000bc30       0x11 /home/colin/projects/pkernel/build/obj/64/src/interrupt/handlers/alignment_check.o
                0x00000000c000bc30                alignment_check_handler
 *fill*         0x00000000c000bc41        0xf 
 .text          0x00000000c000bc50       0x11 /home/colin/projects/pkernel/build/obj/64/src/interrupt/handlers/machine_check.o
                0x00000000c000bc50                machine_check_handler
 *fill*         0x00000000c000bc61        0xf 
 .text          0x00000000c000bc70       0x11 /home/colin/projects/pkernel/build/obj/64/src/interrupt/handlers/simd_fpu_error.o
                0x00000000c000bc70                simd_fpu_error_handler
 *fill*         0x00000000c000bc81        0xf 
 .text          0x00000000c000bc90       0x77 /home/colin/projects/pkernel/build/obj/64/src/interrupt/handlers/timer_handler.o
                0x00000000c000bc90                pic1_timer_handler
 *fill*         0x00000000c000bd07        0x9 
 .text          0x00000000c000bd10       0x77 /home/colin/projects/pkernel/build/obj/64/src/interrupt/handlers/keyboard_handler.o
                0x00000000c000bd10                pic1_keyboard_handler
 .text          0x00000000c000bd87        0x0 /home/colin/projects/pkernel/build/obj/64/src/entry.o
 *fill*         0x00000000c000bd87       0x39 
 .text          0x00000000c000bdc0      0xa23 /home/colin/projects/pkernel/build/obj/64/src/main.o
                0x00000000c000bee0                kernel_main
 *fill*         0x00000000c000c7e3       0x1d 
 .text          0x00000000c000c800      0x263 /home/colin/projects/pkernel/build/obj/64/src/entry_error.o
                0x00000000c000c800                entry_error_draw_bitmap
                0x00000000c000c910                kernel_entry_error
 .text          0x00000000c000ca63      0x141 /home/colin/projects/pkernel/build/obj/64/src/user.o
                0x00000000c000ca63                user_entry
 *(.signal_tramp)
                0x00000000c000cba4                _text_end = .
                0x000000000000cba4                _text_size = (_text_end - _text_start)
                0x00000000c000d000                . = ALIGN (0x1000)
                0x00000000c000d000                _data_start = .

.data           0x00000000c000d000      0x5f2 load address 0x000000000000d000
 *(.rodata*)
 .rodata.str1.1
                0x00000000c000d000       0x14 /home/colin/projects/pkernel/build/obj/64/src/util/heap/internal.o
 .rodata.str1.1
                0x00000000c000d014       0x34 /home/colin/projects/pkernel/build/obj/64/src/paging/mapper.o
 .rodata.str1.1
                0x00000000c000d048       0x8e /home/colin/projects/pkernel/build/obj/64/src/paging/manager.o
 *fill*         0x00000000c000d0d6        0x2 
 .rodata        0x00000000c000d0d8       0x70 /home/colin/projects/pkernel/build/obj/64/src/syscall/syscall_handler.o
 .rodata.str1.1
                0x00000000c000d148        0xb /home/colin/projects/pkernel/build/obj/64/src/filesystem/filesystem.o
 .rodata.str1.1
                0x00000000c000d153        0x8 /home/colin/projects/pkernel/build/obj/64/src/filesystem/directory_entry.o
 .rodata.str1.1
                0x00000000c000d15b       0x41 /home/colin/projects/pkernel/build/obj/64/src/filesystem/ramfs/ramfs.o
 *fill*         0x00000000c000d19c        0x4 
 .rodata        0x00000000c000d1a0       0x48 /home/colin/projects/pkernel/build/obj/64/src/filesystem/ramfs/ramfs.o
                0x00000000c000d1a0                ramfs_superblock_ops
 .rodata.cst2   0x00000000c000d1e8        0x2 /home/colin/projects/pkernel/build/obj/64/src/pci/pci.o
 .rodata.str1.1
                0x00000000c000d1ea        0x8 /home/colin/projects/pkernel/build/obj/64/src/process/signal.o
 .rodata.str1.1
                0x00000000c000d1f2        0xa /home/colin/projects/pkernel/build/obj/64/src/device/devfs.o
 .rodata.str1.1
                0x00000000c000d1fc      0x135 /home/colin/projects/pkernel/build/obj/64/src/main.o
 *fill*         0x00000000c000d331        0xf 
 .rodata        0x00000000c000d340       0xc0 /home/colin/projects/pkernel/build/obj/64/src/entry_error.o
                0x00000000c000d340                kernel_error_font_error_0x
                0x00000000c000d380                kernel_error_font_nums
 .rodata        0x00000000c000d400       0x2f /home/colin/projects/pkernel/build/obj/64/src/user.o
                0x00000000c000d400                user_data_start
                0x00000000c000d400                user_string
                0x00000000c000d40d                error_string
                0x00000000c000d414                tty_path
                0x00000000c000d41c                kbd_path
                0x00000000c000d42e                user_buffer
 .rodata.str1.1
                0x00000000c000d42f       0x6e /home/colin/projects/pkernel/build/module/modules/vga_frame_buffer/module.o
 .rodata.str1.1
                0x00000000c000d49d        0x4 /home/colin/projects/pkernel/build/module/modules/keyboard_pio/module.o
 .rodata.str1.1
                0x00000000c000d4a1       0x57 /home/colin/projects/pkernel/build/module/modules/vga_terminal/module.o
 .rodata.str1.1
                0x00000000c000d4f8       0x15 /home/colin/projects/pkernel/build/module/modules/pkfs/module.o
 *(.data*)
 .data          0x00000000c000d50d        0x0 /home/colin/projects/pkernel/build/obj/64/src/util/memory/memcpy.o
 .data          0x00000000c000d50d        0x0 /home/colin/projects/pkernel/build/obj/64/src/util/memory/memset.o
 .data          0x00000000c000d50d        0x0 /home/colin/projects/pkernel/build/obj/64/src/util/string/strcmp.o
 .data          0x00000000c000d50d        0x0 /home/colin/projects/pkernel/build/obj/64/src/util/string/strcmpn.o
 .data          0x00000000c000d50d        0x0 /home/colin/projects/pkernel/build/obj/64/src/util/string/strlen.o
 .data          0x00000000c000d50d        0x0 /home/colin/projects/pkernel/build/obj/64/src/util/string/strcpy.o
 .data          0x00000000c000d50d        0x0 /home/colin/projects/pkernel/build/obj/64/src/util/math/pow.o
 .data          0x00000000c000d50d        0x0 /home/colin/projects/pkernel/build/obj/64/src/util/heap/init.o
 .data          0x00000000c000d50d        0x0 /home/colin/projects/pkernel/build/obj/64/src/util/heap/alloc.o
 .data          0x00000000c000d50d        0x0 /home/colin/projects/pkernel/build/obj/64/src/util/heap/free.o
 .data          0x00000000c000d50d        0x0 /home/colin/projects/pkernel/build/obj/64/src/util/heap/realloc.o
 .data          0x00000000c000d50d        0x0 /home/colin/projects/pkernel/build/obj/64/src/util/heap/usage.o
 .data          0x00000000c000d50d        0x0 /home/colin/projects/pkernel/build/obj/64/src/util/heap/internal.o
 .data          0x00000000c000d50d        0x0 /home/colin/projects/pkernel/build/obj/64/src/paging/tables.o
 .data          0x00000000c000d50d        0x0 /home/colin/projects/pkernel/build/obj/64/src/paging/init.o
 .data          0x00000000c000d50d        0x0 /home/colin/projects/pkernel/build/obj/64/src/paging/region.o
 .data          0x00000000c000d50d        0x0 /home/colin/projects/pkernel/build/obj/64/src/paging/bitmap.o
 .data          0x00000000c000d50d        0x0 /home/colin/projects/pkernel/build/obj/64/src/paging/mapper.o
 *fill*         0x00000000c000d50d        0x3 
 .data          0x00000000c000d510        0x8 /home/colin/projects/pkernel/build/obj/64/src/paging/translation_map.o
                0x00000000c000d510                next_page_ptr
 .data          0x00000000c000d518        0x8 /home/colin/projects/pkernel/build/obj/64/src/paging/table_allocator.o
                0x00000000c000d518                current_vaddr
 .data          0x00000000c000d520        0x0 /home/colin/projects/pkernel/build/obj/64/src/paging/virtual_allocator.o
 .data          0x00000000c000d520        0x0 /home/colin/projects/pkernel/build/obj/64/src/paging/physical_allocator.o
 .data          0x00000000c000d520        0x0 /home/colin/projects/pkernel/build/obj/64/src/paging/manager.o
 .data          0x00000000c000d520        0x0 /home/colin/projects/pkernel/build/obj/64/src/memory/memory_map.o
 .data          0x00000000c000d520        0x0 /home/colin/projects/pkernel/build/obj/64/src/memory/primary_region.o
 .data          0x00000000c000d520       0x80 /home/colin/projects/pkernel/build/obj/64/src/memory/gdt.o
                0x00000000c000d520                gdt_ptr
                0x00000000c000d540                gdt
 .data          0x00000000c000d5a0        0x0 /home/colin/projects/pkernel/build/obj/64/src/task/tss.o
 .data          0x00000000c000d5a0        0x0 /home/colin/projects/pkernel/build/obj/64/src/task/enter_user_mode.o
 .data          0x00000000c000d5a0        0x0 /home/colin/projects/pkernel/build/obj/64/src/syscall/syscall_handler_entry.o
 .data          0x00000000c000d5a0        0x0 /home/colin/projects/pkernel/build/obj/64/src/syscall/syscall_handler.o
 .data          0x00000000c000d5a0        0x0 /home/colin/projects/pkernel/build/obj/64/src/syscall/handlers/open.o
 .data          0x00000000c000d5a0        0x0 /home/colin/projects/pkernel/build/obj/64/src/syscall/handlers/close.o
 .data          0x00000000c000d5a0        0x0 /home/colin/projects/pkernel/build/obj/64/src/syscall/handlers/write.o
 .data          0x00000000c000d5a0        0x0 /home/colin/projects/pkernel/build/obj/64/src/syscall/handlers/read.o
 .data          0x00000000c000d5a0        0x0 /home/colin/projects/pkernel/build/obj/64/src/syscall/handlers/seek.o
 .data          0x00000000c000d5a0        0x0 /home/colin/projects/pkernel/build/obj/64/src/syscall/handlers/exit.o
 .data          0x00000000c000d5a0        0x0 /home/colin/projects/pkernel/build/obj/64/src/syscall/handlers/readdir.o
 .data          0x00000000c000d5a0        0x0 /home/colin/projects/pkernel/build/obj/64/src/syscall/handlers/chdir.o
 .data          0x00000000c000d5a0        0x0 /home/colin/projects/pkernel/build/obj/64/src/syscall/handlers/fork.o
 .data          0x00000000c000d5a0        0x0 /home/colin/projects/pkernel/build/obj/64/src/syscall/handlers/exec.o
 .data          0x00000000c000d5a0        0x0 /home/colin/projects/pkernel/build/obj/64/src/syscall/handlers/pipe.o
 .data          0x00000000c000d5a0        0x0 /home/colin/projects/pkernel/build/obj/64/src/syscall/handlers/dup.o
 .data          0x00000000c000d5a0        0x0 /home/colin/projects/pkernel/build/obj/64/src/interface/interface.o
 .data          0x00000000c000d5a0        0x0 /home/colin/projects/pkernel/build/obj/64/src/interface/interface_map.o
 .data          0x00000000c000d5a0        0x0 /home/colin/projects/pkernel/build/obj/64/src/interface/fifo.o
 .data          0x00000000c000d5a0        0x0 /home/colin/projects/pkernel/build/obj/64/src/filesystem/filesystem.o
 .data          0x00000000c000d5a0        0x0 /home/colin/projects/pkernel/build/obj/64/src/filesystem/directory_entry.o
 .data          0x00000000c000d5a0        0x0 /home/colin/projects/pkernel/build/obj/64/src/filesystem/superblock.o
 .data          0x00000000c000d5a0        0x0 /home/colin/projects/pkernel/build/obj/64/src/filesystem/node.o
 .data          0x00000000c000d5a0        0x0 /home/colin/projects/pkernel/build/obj/64/src/filesystem/pipe.o
 .data          0x00000000c000d5a0        0x0 /home/colin/projects/pkernel/build/obj/64/src/filesystem/file.o
 .data          0x00000000c000d5a0        0x0 /home/colin/projects/pkernel/build/obj/64/src/filesystem/ramfs/ramfs.o
 .data          0x00000000c000d5a0        0x0 /home/colin/projects/pkernel/build/obj/64/src/io/arbitrator.o
 .data          0x00000000c000d5a0        0x0 /home/colin/projects/pkernel/build/obj/64/src/timer/timer.o
 .data          0x00000000c000d5a0        0x0 /home/colin/projects/pkernel/build/obj/64/src/pci/pci.o
 .data          0x00000000c000d5a0        0x0 /home/colin/projects/pkernel/build/obj/64/src/event/event.o
 .data          0x00000000c000d5a0        0x0 /home/colin/projects/pkernel/build/obj/64/src/event/waiter.o
 .data          0x00000000c000d5a0        0x0 /home/colin/projects/pkernel/build/obj/64/src/process/process.o
 .data          0x00000000c000d5a0        0x0 /home/colin/projects/pkernel/build/obj/64/src/process/scheduler.o
 .data          0x00000000c000d5a0        0x0 /home/colin/projects/pkernel/build/obj/64/src/process/address_translation.o
 .data          0x00000000c000d5a0        0x0 /home/colin/projects/pkernel/build/obj/64/src/process/file_table.o
 .data          0x00000000c000d5a0        0x0 /home/colin/projects/pkernel/build/obj/64/src/process/thread_table.o
 .data          0x00000000c000d5a0        0x0 /home/colin/projects/pkernel/build/obj/64/src/process/signal.o
 .data          0x00000000c000d5a0        0x0 /home/colin/projects/pkernel/build/obj/64/src/process/signal_trampoline.o
 .data          0x00000000c000d5a0        0x0 /home/colin/projects/pkernel/build/obj/64/src/device/device.o
 .data          0x00000000c000d5a0       0x48 /home/colin/projects/pkernel/build/obj/64/src/device/devfs.o
                0x00000000c000d5a0                devfs_superblock_ops
 .data          0x00000000c000d5e8        0x0 /home/colin/projects/pkernel/build/obj/64/src/sysfs/sysfs.o
 .data          0x00000000c000d5e8        0x0 /home/colin/projects/pkernel/build/obj/64/src/interrupt/init.o
 .data          0x00000000c000d5e8        0xa /home/colin/projects/pkernel/build/obj/64/src/interrupt/idt.o
                0x00000000c000d5e8                idt_ptr
 .data          0x00000000c000d5f2        0x0 /home/colin/projects/pkernel/build/obj/64/src/interrupt/handler_entries.o
 .data          0x00000000c000d5f2        0x0 /home/colin/projects/pkernel/build/obj/64/src/interrupt/interrupt_registry.o
 .data          0x00000000c000d5f2        0x0 /home/colin/projects/pkernel/build/obj/64/src/interrupt/pic.o
 .data          0x00000000c000d5f2        0x0 /home/colin/projects/pkernel/build/obj/64/src/interrupt/apic.o
 .data          0x00000000c000d5f2        0x0 /home/colin/projects/pkernel/build/obj/64/src/interrupt/handlers/div0.o
 .data          0x00000000c000d5f2        0x0 /home/colin/projects/pkernel/build/obj/64/src/interrupt/handlers/nmi.o
 .data          0x00000000c000d5f2        0x0 /home/colin/projects/pkernel/build/obj/64/src/interrupt/handlers/bp_int3.o
 .data          0x00000000c000d5f2        0x0 /home/colin/projects/pkernel/build/obj/64/src/interrupt/handlers/ovf.o
 .data          0x00000000c000d5f2        0x0 /home/colin/projects/pkernel/build/obj/64/src/interrupt/handlers/bound_range.o
 .data          0x00000000c000d5f2        0x0 /home/colin/projects/pkernel/build/obj/64/src/interrupt/handlers/invalid_opcode.o
 .data          0x00000000c000d5f2        0x0 /home/colin/projects/pkernel/build/obj/64/src/interrupt/handlers/device_not_avail.o
 .data          0x00000000c000d5f2        0x0 /home/colin/projects/pkernel/build/obj/64/src/interrupt/handlers/double_fault.o
 .data          0x00000000c000d5f2        0x0 /home/colin/projects/pkernel/build/obj/64/src/interrupt/handlers/coproc_segment_overrun.o
 .data          0x00000000c000d5f2        0x0 /home/colin/projects/pkernel/build/obj/64/src/interrupt/handlers/invalid_tss.o
 .data          0x00000000c000d5f2        0x0 /home/colin/projects/pkernel/build/obj/64/src/interrupt/handlers/segment_not_present.o
 .data          0x00000000c000d5f2        0x0 /home/colin/projects/pkernel/build/obj/64/src/interrupt/handlers/stack_segment_fault.o
 .data          0x00000000c000d5f2        0x0 /home/colin/projects/pkernel/build/obj/64/src/interrupt/handlers/general_protection_fault.o
 .data          0x00000000c000d5f2        0x0 /home/colin/projects/pkernel/build/obj/64/src/interrupt/handlers/page_fault.o
 .data          0x00000000c000d5f2        0x0 /home/colin/projects/pkernel/build/obj/64/src/interrupt/handlers/x87_fpu.o
 .data          0x00000000c000d5f2        0x0 /home/colin/projects/pkernel/build/obj/64/src/interrupt/handlers/alignment_check.o
 .data          0x00000000c000d5f2        0x0 /home/colin/projects/pkernel/build/obj/64/src/interrupt/handlers/machine_check.o
 .data          0x00000000c000d5f2        0x0 /home/colin/projects/pkernel/build/obj/64/src/interrupt/handlers/simd_fpu_error.o
 .data          0x00000000c000d5f2        0x0 /home/colin/projects/pkernel/build/obj/64/src/interrupt/handlers/timer_handler.o
 .data          0x00000000c000d5f2        0x0 /home/colin/projects/pkernel/build/obj/64/src/interrupt/handlers/keyboard_handler.o
 .data          0x00000000c000d5f2        0x0 /home/colin/projects/pkernel/build/obj/64/src/entry.o
 .data          0x00000000c000d5f2        0x0 /home/colin/projects/pkernel/build/obj/64/src/main.o
 .data          0x00000000c000d5f2        0x0 /home/colin/projects/pkernel/build/obj/64/src/entry_error.o
 .data          0x00000000c000d5f2        0x0 /home/colin/projects/pkernel/build/obj/64/src/user.o

.bss            0x00000000c000d5f2     0xe59e
 *(.bss*)
 .bss           0x00000000c000d5f2        0x0 /home/colin/projects/pkernel/build/obj/64/src/util/memory/memcpy.o
 .bss           0x00000000c000d5f2        0x0 /home/colin/projects/pkernel/build/obj/64/src/util/memory/memset.o
 .bss           0x00000000c000d5f2        0x0 /home/colin/projects/pkernel/build/obj/64/src/util/string/strcmp.o
 .bss           0x00000000c000d5f2        0x0 /home/colin/projects/pkernel/build/obj/64/src/util/string/strcmpn.o
 .bss           0x00000000c000d5f2        0x0 /home/colin/projects/pkernel/build/obj/64/src/util/string/strlen.o
 .bss           0x00000000c000d5f2        0x0 /home/colin/projects/pkernel/build/obj/64/src/util/string/strcpy.o
 .bss           0x00000000c000d5f2        0x0 /home/colin/projects/pkernel/build/obj/64/src/util/math/pow.o
 .bss           0x00000000c000d5f2        0x0 /home/colin/projects/pkernel/build/obj/64/src/util/heap/init.o
 .bss           0x00000000c000d5f2        0x0 /home/colin/projects/pkernel/build/obj/64/src/util/heap/alloc.o
 .bss           0x00000000c000d5f2        0x0 /home/colin/projects/pkernel/build/obj/64/src/util/heap/free.o
 .bss           0x00000000c000d5f2        0x0 /home/colin/projects/pkernel/build/obj/64/src/util/heap/realloc.o
 .bss           0x00000000c000d5f2        0x0 /home/colin/projects/pkernel/build/obj/64/src/util/heap/usage.o
 *fill*         0x00000000c000d5f2        0x6 
 .bss           0x00000000c000d5f8       0x18 /home/colin/projects/pkernel/build/obj/64/src/util/heap/internal.o
                0x00000000c000d5f8                tail_tag
                0x00000000c000d600                head_tag
                0x00000000c000d608                alloc_size
 *fill*         0x00000000c000d610      0x9f0 
 .bss           0x00000000c000e000     0xb000 /home/colin/projects/pkernel/build/obj/64/src/paging/tables.o
                0x00000000c000e000                paging_temp_pt
                0x00000000c000f000                paging_valloc_pdpt
                0x00000000c0010000                paging_talloc_pdpt
                0x00000000c0011000                paging_tmap_pdpt
                0x00000000c0012000                paging_bitmap_pdpt
                0x00000000c0013000                paging_identity_pt
                0x00000000c0014000                paging_identity_pdt
                0x00000000c0015000                paging_kernel_pt
                0x00000000c0016000                paging_kernel_pdt
                0x00000000c0017000                paging_kernel_pdpt
                0x00000000c0018000                paging_kernel_pml4t
 .bss           0x00000000c0019000        0x0 /home/colin/projects/pkernel/build/obj/64/src/paging/init.o
 .bss           0x00000000c0019000       0x20 /home/colin/projects/pkernel/build/obj/64/src/paging/region.o
                0x00000000c0019000                allocation_region_end
                0x00000000c0019008                allocation_region_start
                0x00000000c0019010                paging_region_end
                0x00000000c0019018                paging_region_start
 .bss           0x00000000c0019020       0x18 /home/colin/projects/pkernel/build/obj/64/src/paging/bitmap.o
                0x00000000c0019020                bitmap_paddr
                0x00000000c0019028                bitmap_size
                0x00000000c0019030                bitmap_available_pages
 .bss           0x00000000c0019038        0x0 /home/colin/projects/pkernel/build/obj/64/src/paging/mapper.o
 *fill*         0x00000000c0019038        0x8 
 .bss           0x00000000c0019040      0x820 /home/colin/projects/pkernel/build/obj/64/src/paging/translation_map.o
                0x00000000c0019040                tmap_pt_paddr
                0x00000000c0019048                tmap_pdt_paddr
                0x00000000c0019060                paging_tmap
 .bss           0x00000000c0019860       0x18 /home/colin/projects/pkernel/build/obj/64/src/paging/table_allocator.o
                0x00000000c0019860                talloc_pt_count
                0x00000000c0019868                talloc_pt_paddr
                0x00000000c0019870                talloc_pdt_paddr
 .bss           0x00000000c0019878        0x0 /home/colin/projects/pkernel/build/obj/64/src/paging/virtual_allocator.o
 .bss           0x00000000c0019878        0x0 /home/colin/projects/pkernel/build/obj/64/src/paging/physical_allocator.o
 *fill*         0x00000000c0019878        0x8 
 .bss           0x00000000c0019880      0x168 /home/colin/projects/pkernel/build/obj/64/src/paging/manager.o
                0x00000000c0019880                kernel_context
 .bss           0x00000000c00199e8        0x0 /home/colin/projects/pkernel/build/obj/64/src/memory/memory_map.o
 .bss           0x00000000c00199e8       0x10 /home/colin/projects/pkernel/build/obj/64/src/memory/primary_region.o
                0x00000000c00199e8                primary_region_end
                0x00000000c00199f0                primary_region_start
 .bss           0x00000000c00199f8        0x0 /home/colin/projects/pkernel/build/obj/64/src/memory/gdt.o
 *fill*         0x00000000c00199f8        0x8 
 .bss           0x00000000c0019a00       0x68 /home/colin/projects/pkernel/build/obj/64/src/task/tss.o
                0x00000000c0019a00                tss
 .bss           0x00000000c0019a68        0x0 /home/colin/projects/pkernel/build/obj/64/src/task/enter_user_mode.o
 .bss           0x00000000c0019a68        0x0 /home/colin/projects/pkernel/build/obj/64/src/syscall/syscall_handler_entry.o
 .bss           0x00000000c0019a68        0x0 /home/colin/projects/pkernel/build/obj/64/src/syscall/syscall_handler.o
 .bss           0x00000000c0019a68        0x0 /home/colin/projects/pkernel/build/obj/64/src/syscall/handlers/open.o
 .bss           0x00000000c0019a68        0x0 /home/colin/projects/pkernel/build/obj/64/src/syscall/handlers/close.o
 .bss           0x00000000c0019a68        0x0 /home/colin/projects/pkernel/build/obj/64/src/syscall/handlers/write.o
 .bss           0x00000000c0019a68        0x0 /home/colin/projects/pkernel/build/obj/64/src/syscall/handlers/read.o
 .bss           0x00000000c0019a68        0x0 /home/colin/projects/pkernel/build/obj/64/src/syscall/handlers/seek.o
 .bss           0x00000000c0019a68        0x0 /home/colin/projects/pkernel/build/obj/64/src/syscall/handlers/exit.o
 .bss           0x00000000c0019a68        0x0 /home/colin/projects/pkernel/build/obj/64/src/syscall/handlers/readdir.o
 .bss           0x00000000c0019a68        0x0 /home/colin/projects/pkernel/build/obj/64/src/syscall/handlers/chdir.o
 .bss           0x00000000c0019a68        0x0 /home/colin/projects/pkernel/build/obj/64/src/syscall/handlers/fork.o
 .bss           0x00000000c0019a68        0x0 /home/colin/projects/pkernel/build/obj/64/src/syscall/handlers/exec.o
 .bss           0x00000000c0019a68        0x0 /home/colin/projects/pkernel/build/obj/64/src/syscall/handlers/pipe.o
 .bss           0x00000000c0019a68        0x0 /home/colin/projects/pkernel/build/obj/64/src/syscall/handlers/dup.o
 .bss           0x00000000c0019a68        0x0 /home/colin/projects/pkernel/build/obj/64/src/interface/interface.o
 *fill*         0x00000000c0019a68       0x18 
 .bss           0x00000000c0019a80       0xd0 /home/colin/projects/pkernel/build/obj/64/src/interface/interface_map.o
                0x00000000c0019a80                interface_map
 .bss           0x00000000c0019b50        0x0 /home/colin/projects/pkernel/build/obj/64/src/interface/fifo.o
 *fill*         0x00000000c0019b50       0x10 
 .bss           0x00000000c0019b60       0xf8 /home/colin/projects/pkernel/build/obj/64/src/filesystem/filesystem.o
                0x00000000c0019b60                fs_filesystem_tail
                0x00000000c0019ba0                fs_filesystem_head
                0x00000000c0019be0                fs_root
 .bss           0x00000000c0019c58        0x0 /home/colin/projects/pkernel/build/obj/64/src/filesystem/directory_entry.o
 .bss           0x00000000c0019c58        0x0 /home/colin/projects/pkernel/build/obj/64/src/filesystem/superblock.o
 .bss           0x00000000c0019c58        0x0 /home/colin/projects/pkernel/build/obj/64/src/filesystem/node.o
 .bss           0x00000000c0019c58        0x0 /home/colin/projects/pkernel/build/obj/64/src/filesystem/pipe.o
 .bss           0x00000000c0019c58        0x0 /home/colin/projects/pkernel/build/obj/64/src/filesystem/file.o
 .bss           0x00000000c0019c58        0x0 /home/colin/projects/pkernel/build/obj/64/src/filesystem/ramfs/ramfs.o
 *fill*         0x00000000c0019c58        0x8 
 .bss           0x00000000c0019c60      0x800 /home/colin/projects/pkernel/build/obj/64/src/io/arbitrator.o
                0x00000000c0019c60                io_arbitrator_buckets
 .bss           0x00000000c001a460       0xa0 /home/colin/projects/pkernel/build/obj/64/src/timer/timer.o
                0x00000000c001a460                timers_interrupt_count
                0x00000000c001a480                timers_tail
                0x00000000c001a4c0                timers_head
 .bss           0x00000000c001a500       0x80 /home/colin/projects/pkernel/build/obj/64/src/pci/pci.o
                0x00000000c001a500                pci_watcher_tail
                0x00000000c001a540                pci_watcher_head
                0x00000000c001a570                pci_devices
                0x00000000c001a578                pci_device_count
 .bss           0x00000000c001a580        0x0 /home/colin/projects/pkernel/build/obj/64/src/event/event.o
 .bss           0x00000000c001a580        0x0 /home/colin/projects/pkernel/build/obj/64/src/event/waiter.o
 .bss           0x00000000c001a580        0x0 /home/colin/projects/pkernel/build/obj/64/src/process/process.o
 .bss           0x00000000c001a580      0x310 /home/colin/projects/pkernel/build/obj/64/src/process/scheduler.o
                0x00000000c001a580                scheduler_tail
                0x00000000c001a6c0                scheduler_head
                0x00000000c001a7e8                scheduler_current_id
                0x00000000c001a7f0                current_process
 .bss           0x00000000c001a890        0x0 /home/colin/projects/pkernel/build/obj/64/src/process/address_translation.o
 .bss           0x00000000c001a890        0x0 /home/colin/projects/pkernel/build/obj/64/src/process/file_table.o
 .bss           0x00000000c001a890        0x0 /home/colin/projects/pkernel/build/obj/64/src/process/thread_table.o
 .bss           0x00000000c001a890        0x0 /home/colin/projects/pkernel/build/obj/64/src/process/signal.o
 .bss           0x00000000c001a890        0x0 /home/colin/projects/pkernel/build/obj/64/src/process/signal_trampoline.o
 *fill*         0x00000000c001a890       0x10 
 .bss           0x00000000c001a8a0       0xb8 /home/colin/projects/pkernel/build/obj/64/src/device/device.o
                0x00000000c001a8a0                devices_tail
                0x00000000c001a900                devices_head
 *fill*         0x00000000c001a958        0x8 
 .bss           0x00000000c001a960       0x60 /home/colin/projects/pkernel/build/obj/64/src/device/devfs.o
                0x00000000c001a960                devfs_mounts
                0x00000000c001a968                devfs_mount_count
                0x00000000c001a980                devfs_tail
                0x00000000c001a9a0                devfs_head
 .bss           0x00000000c001a9c0        0x0 /home/colin/projects/pkernel/build/obj/64/src/sysfs/sysfs.o
 .bss           0x00000000c001a9c0        0x0 /home/colin/projects/pkernel/build/obj/64/src/interrupt/init.o
 .bss           0x00000000c001a9c0     0x1000 /home/colin/projects/pkernel/build/obj/64/src/interrupt/idt.o
                0x00000000c001a9c0                idt
 .bss           0x00000000c001b9c0        0x0 /home/colin/projects/pkernel/build/obj/64/src/interrupt/handler_entries.o
 .bss           0x00000000c001b9c0      0x1c8 /home/colin/projects/pkernel/build/obj/64/src/interrupt/interrupt_registry.o
                0x00000000c001b9c0                interrupt_registry_nodes
 .bss           0x00000000c001bb88        0x0 /home/colin/projects/pkernel/build/obj/64/src/interrupt/pic.o
 .bss           0x00000000c001bb88        0x8 /home/colin/projects/pkernel/build/obj/64/src/interrupt/apic.o
                0x00000000c001bb88                interrupt_apic
 .bss           0x00000000c001bb90        0x0 /home/colin/projects/pkernel/build/obj/64/src/interrupt/handlers/div0.o
 .bss           0x00000000c001bb90        0x0 /home/colin/projects/pkernel/build/obj/64/src/interrupt/handlers/nmi.o
 .bss           0x00000000c001bb90        0x0 /home/colin/projects/pkernel/build/obj/64/src/interrupt/handlers/bp_int3.o
 .bss           0x00000000c001bb90        0x0 /home/colin/projects/pkernel/build/obj/64/src/interrupt/handlers/ovf.o
 .bss           0x00000000c001bb90        0x0 /home/colin/projects/pkernel/build/obj/64/src/interrupt/handlers/bound_range.o
 .bss           0x00000000c001bb90        0x0 /home/colin/projects/pkernel/build/obj/64/src/interrupt/handlers/invalid_opcode.o
 .bss           0x00000000c001bb90        0x0 /home/colin/projects/pkernel/build/obj/64/src/interrupt/handlers/device_not_avail.o
 .bss           0x00000000c001bb90        0x0 /home/colin/projects/pkernel/build/obj/64/src/interrupt/handlers/double_fault.o
 .bss           0x00000000c001bb90        0x0 /home/colin/projects/pkernel/build/obj/64/src/interrupt/handlers/coproc_segment_overrun.o
 .bss           0x00000000c001bb90        0x0 /home/colin/projects/pkernel/build/obj/64/src/interrupt/handlers/invalid_tss.o
 .bss           0x00000000c001bb90        0x0 /home/colin/projects/pkernel/build/obj/64/src/interrupt/handlers/segment_not_present.o
 .bss           0x00000000c001bb90        0x0 /home/colin/projects/pkernel/build/obj/64/src/interrupt/handlers/stack_segment_fault.o
 .bss           0x00000000c001bb90        0x0 /home/colin/projects/pkernel/build/obj/64/src/interrupt/handlers/general_protection_fault.o
 .bss           0x00000000c001bb90        0x0 /home/colin/projects/pkernel/build/obj/64/src/interrupt/handlers/page_fault.o
 .bss           0x00000000c001bb90        0x0 /home/colin/projects/pkernel/build/obj/64/src/interrupt/handlers/x87_fpu.o
 .bss           0x00000000c001bb90        0x0 /home/colin/projects/pkernel/build/obj/64/src/interrupt/handlers/alignment_check.o
 .bss           0x00000000c001bb90        0x0 /home/colin/projects/pkernel/build/obj/64/src/interrupt/handlers/machine_check.o
 .bss           0x00000000c001bb90        0x0 /home/colin/projects/pkernel/build/obj/64/src/interrupt/handlers/simd_fpu_error.o
 .bss           0x00000000c001bb90        0x0 /home/colin/projects/pkernel/build/obj/64/src/interrupt/handlers/timer_handler.o
 .bss           0x00000000c001bb90        0x0 /home/colin/projects/pkernel/build/obj/64/src/interrupt/handlers/keyboard_handler.o
 .bss           0x00000000c001bb90        0x0 /home/colin/projects/pkernel/build/obj/64/src/entry.o
 .bss           0x00000000c001bb90        0x0 /home/colin/projects/pkernel/build/obj/64/src/main.o
 .bss           0x00000000c001bb90        0x0 /home/colin/projects/pkernel/build/obj/64/src/entry_error.o
 .bss           0x00000000c001bb90        0x0 /home/colin/projects/pkernel/build/obj/64/src/user.o
 *(.lbss*)

.stack          0x00000000c001bb90     0x1000
                0x00000000c001bb90                _stack_base = .
                0x00000000c001cb90                . = (. + 0x1000)
 *fill*         0x00000000c001bb90     0x1000 
                0x00000000c001cb90                . = ALIGN (0x8)
                0x00000000c001cb90                _stack_top = .
                0x00000000c001cb90                _data_end = .
                0x000000000000fb90                _data_size = (_data_end - _data_start)
                0x00000000c001d000                . = ALIGN (0x1000)

.modules        0x00000000c001d000     0x54a0 load address 0x000000000001d000
                0x00000000c001d000                _modules_text = .
 *(.module_text)
 .module_text   0x00000000c001d000      0x6d6 /home/colin/projects/pkernel/build/module/modules/vga_frame_buffer/module.o
                0x00000000c001d000                module_vga_frame_buffer_vga_set_primary
                0x00000000c001d020                module_vga_frame_buffer_vga_set_secondary
                0x00000000c001d040                module_vga_frame_buffer_vga_clear
                0x00000000c001d080                module_vga_frame_buffer_vga_fill_rect
                0x00000000c001d120                module_vga_frame_buffer_vga_clear_rect
                0x00000000c001d1c0                module_vga_frame_buffer_draw_bitmap
                0x00000000c001d2a0                module_vga_frame_buffer_draw_bitmap_transparent
                0x00000000c001d390                module_vga_frame_buffer_vga_get_framebuffer
                0x00000000c001d3c0                module_vga_frame_buffer_write
                0x00000000c001d3d0                module_vga_frame_buffer_unmap
                0x00000000c001d3e0                module_vga_frame_buffer_map
                0x00000000c001d460                module_vga_frame_buffer_read
                0x00000000c001d470                module_vga_frame_buffer_init
                0x00000000c001d660                module_vga_frame_buffer_free
 *fill*         0x00000000c001d6d6        0xa 
 .module_text   0x00000000c001d6e0      0x223 /home/colin/projects/pkernel/build/module/modules/keyboard_pio/module.o
                0x00000000c001d6e0                module_keyboard_pio_keyboard_handler
                0x00000000c001d720                module_keyboard_pio_write
                0x00000000c001d730                module_keyboard_pio_read
                0x00000000c001d780                module_keyboard_pio_get_char
                0x00000000c001d7c0                module_keyboard_pio_has_char
                0x00000000c001d7d0                module_keyboard_pio_init
                0x00000000c001d8a0                module_keyboard_pio_free
 *fill*         0x00000000c001d903       0x1d 
 .module_text   0x00000000c001d920      0x5f5 /home/colin/projects/pkernel/build/module/modules/vga_terminal/module.o
                0x00000000c001d920                module_vga_terminal_read
                0x00000000c001d930                module_vga_terminal_write
                0x00000000c001dae0                module_vga_terminal_timer_handler
                0x00000000c001db00                module_vga_terminal_init
                0x00000000c001dd10                module_vga_terminal_free
                0x00000000c001dd70                module_vga_terminal_terminal_update
 *fill*         0x00000000c001df15        0xb 
 .module_text   0x00000000c001df20      0x9cf /home/colin/projects/pkernel/build/module/modules/disc_pio/module.o
                0x00000000c001dfd0                module_disc_pio_device_count
                0x00000000c001dff0                module_disc_pio_select_device
                0x00000000c001e020                module_disc_pio_disc_read
                0x00000000c001e290                module_disc_pio_read
                0x00000000c001e300                module_disc_pio_disc_write
                0x00000000c001e5e0                module_disc_pio_write
                0x00000000c001e650                module_disc_pio_init
                0x00000000c001e870                module_disc_pio_free
 *fill*         0x00000000c001e8ef       0x11 
 .module_text   0x00000000c001e900     0x1073 /home/colin/projects/pkernel/build/module/modules/pkfs/module.o
                0x00000000c001e900                module_pkfs_init
                0x00000000c001e940                module_pkfs_free
                0x00000000c001e970                module_pkfs_mount
                0x00000000c001e9e0                module_pkfs_unmount
                0x00000000c001e9f0                module_pkfs_link
                0x00000000c001ea00                module_pkfs_alloc_node
                0x00000000c001ea40                module_pkfs_free_node
                0x00000000c001ea60                module_pkfs_list
                0x00000000c001eb70                module_pkfs_lookup
                0x00000000c001ece0                module_pkfs_create
                0x00000000c001eda0                module_pkfs_write
                0x00000000c001ede0                module_pkfs_read
                0x00000000c001ee40                module_pkfs_open_filesystem
                0x00000000c001f090                module_pkfs_open_directory
                0x00000000c001f190                module_pkfs_open_file
                0x00000000c001f290                module_pkfs_get_directory_name
                0x00000000c001f320                module_pkfs_get_file_name
                0x00000000c001f3a0                module_pkfs_get_file_size
                0x00000000c001f430                module_pkfs_create_file
                0x00000000c001f5c0                module_pkfs_link_node
                0x00000000c001f700                module_pkfs_directory_iterator_init
                0x00000000c001f760                module_pkfs_directory_iterator_next
                0x00000000c001f830                module_pkfs_read_file
                0x00000000c001f970                module_pkfs_write_file
                0x00000000c0020000                . = ALIGN (0x1000)
 *fill*         0x00000000c001f973      0x68d 
                0x00000000c0020000                _modules_data = .
 *(.module_data)
 .module_data   0x00000000c0020000        0x0 /home/colin/projects/pkernel/build/module/modules/vga_frame_buffer/module.o
 .module_data   0x00000000c0020000        0x0 /home/colin/projects/pkernel/build/module/modules/keyboard_pio/module.o
 .module_data   0x00000000c0020000      0x420 /home/colin/projects/pkernel/build/module/modules/vga_terminal/module.o
                0x00000000c0020000                module_vga_terminal_font_not_found
                0x00000000c0020020                module_vga_terminal_font_basic
 .module_data   0x00000000c0020420        0x0 /home/colin/projects/pkernel/build/module/modules/disc_pio/module.o
 .module_data   0x00000000c0020420       0x48 /home/colin/projects/pkernel/build/module/modules/pkfs/module.o
                0x00000000c0020420                module_pkfs_superblock_ops
 *(.module_rodata)
 *fill*         0x00000000c0020468       0x18 
 .module_rodata
                0x00000000c0020480      0x100 /home/colin/projects/pkernel/build/module/modules/keyboard_pio/module.o
                0x00000000c0020480                module_keyboard_pio_key_lut_shift
                0x00000000c0020500                module_keyboard_pio_key_lut
 *(.module_bss)
 .module_bss    0x00000000c0020580       0x70 /home/colin/projects/pkernel/build/module/modules/vga_frame_buffer/module.o
                0x00000000c0020580                module_vga_frame_buffer_secondary_color
                0x00000000c0020581                module_vga_frame_buffer_primary_color
                0x00000000c00205a0                module_vga_frame_buffer_mapping
                0x00000000c00205c0                module_vga_frame_buffer_frame_buffer
                0x00000000c00205c8                module_vga_frame_buffer_required_pages
                0x00000000c00205d0                module_vga_frame_buffer_interface_node
                0x00000000c00205d8                module_vga_frame_buffer_pman_entry
                0x00000000c00205e0                module_vga_frame_buffer_devfs_entry
                0x00000000c00205e8                module_vga_frame_buffer_device
 .module_bss    0x00000000c00205f0       0x10 /home/colin/projects/pkernel/build/module/modules/keyboard_pio/module.o
                0x00000000c00205f0                module_keyboard_pio_current_char
                0x00000000c00205f1                module_keyboard_pio_char_ready
                0x00000000c00205f8                module_keyboard_pio_device
 .module_bss    0x00000000c0020600       0x40 /home/colin/projects/pkernel/build/module/modules/vga_terminal/module.o
                0x00000000c0020600                module_vga_terminal_console_buffer
                0x00000000c0020608                module_vga_terminal_buffer_start
                0x00000000c0020609                module_vga_terminal_view_y
                0x00000000c002060a                module_vga_terminal_cur_y
                0x00000000c002060b                module_vga_terminal_cur_x
                0x00000000c002060c                module_vga_terminal_cursor_on
                0x00000000c0020610                module_vga_terminal_clear_rect
                0x00000000c0020618                module_vga_terminal_draw_bitmap_transparent
                0x00000000c0020620                module_vga_terminal_draw_bitmap
                0x00000000c0020628                module_vga_terminal_blink_timer
                0x00000000c0020630                module_vga_terminal_devfs_entry
                0x00000000c0020638                module_vga_terminal_device
 .module_bss    0x00000000c0020640       0x60 /home/colin/projects/pkernel/build/module/modules/disc_pio/module.o
                0x00000000c0020640                module_disc_pio_disc_devices
                0x00000000c0020648                module_disc_pio_selected_device
                0x00000000c002064a                module_disc_pio_dev_count
                0x00000000c002064c                module_disc_pio_device_indexes
                0x00000000c0020660                module_disc_pio_devfs_nodes
                0x00000000c0020680                module_disc_pio_devices
 .module_bss    0x00000000c00206a0     0x1e00 /home/colin/projects/pkernel/build/module/modules/pkfs/module.o
                0x00000000c00224a0                _modules_end = .
                0x00000000c00224a0                _kernel_end = .
                0x00000000000224a0                _kernel_size = (_kernel_end - _kernel_start)

/DISCARD/
 *(.entry_table)
LOAD /home/colin/projects/pkernel/build/obj/64/src/util/memory/memcpy.o
LOAD /home/colin/projects/pkernel/build/obj/64/src/util/memory/memset.o
LOAD /home/colin/projects/pkernel/build/obj/64/src/util/string/strcmp.o
LOAD /home/colin/projects/pkernel/build/obj/64/src/util/string/strcmpn.o
LOAD /home/colin/projects/pkernel/build/obj/64/src/util/string/strlen.o
LOAD /home/colin/projects/pkernel/build/obj/64/src/util/string/strcpy.o
LOAD /home/colin/projects/pkernel/build/obj/64/src/util/math/pow.o
LOAD /home/colin/projects/pkernel/build/obj/64/src/util/heap/init.o
LOAD /home/colin/projects/pkernel/build/obj/64/src/util/heap/alloc.o
LOAD /home/colin/projects/pkernel/build/obj/64/src/util/heap/free.o
LOAD /home/colin/projects/pkernel/build/obj/64/src/util/heap/realloc.o
LOAD /home/colin/projects/pkernel/build/obj/64/src/util/heap/usage.o
LOAD /home/colin/projects/pkernel/build/obj/64/src/util/heap/internal.o
LOAD /home/colin/projects/pkernel/build/obj/64/src/paging/tables.o
LOAD /home/colin/projects/pkernel/build/obj/64/src/paging/init.o
LOAD /home/colin/projects/pkernel/build/obj/64/src/paging/region.o
LOAD /home/colin/projects/pkernel/build/obj/64/src/paging/bitmap.o
LOAD /home/colin/projects/pkernel/build/obj/64/src/paging/mapper.o
LOAD /home/colin/projects/pkernel/build/obj/64/src/paging/translation_map.o
LOAD /home/colin/projects/pkernel/build/obj/64/src/paging/table_allocator.o
LOAD /home/colin/projects/pkernel/build/obj/64/src/paging/virtual_allocator.o
LOAD /home/colin/projects/pkernel/build/obj/64/src/paging/physical_allocator.o
LOAD /home/colin/projects/pkernel/build/obj/64/src/paging/manager.o
LOAD /home/colin/projects/pkernel/build/obj/64/src/memory/memory_map.o
LOAD /home/colin/projects/pkernel/build/obj/64/src/memory/primary_region.o
LOAD /home/colin/projects/pkernel/build/obj/64/src/memory/gdt.o
LOAD /home/colin/projects/pkernel/build/obj/64/src/task/tss.o
LOAD /home/colin/projects/pkernel/build/obj/64/src/task/enter_user_mode.o
LOAD /home/colin/projects/pkernel/build/obj/64/src/syscall/syscall_handler_entry.o
LOAD /home/colin/projects/pkernel/build/obj/64/src/syscall/syscall_handler.o
LOAD /home/colin/projects/pkernel/build/obj/64/src/syscall/handlers/open.o
LOAD /home/colin/projects/pkernel/build/obj/64/src/syscall/handlers/close.o
LOAD /home/colin/projects/pkernel/build/obj/64/src/syscall/handlers/write.o
LOAD /home/colin/projects/pkernel/build/obj/64/src/syscall/handlers/read.o
LOAD /home/colin/projects/pkernel/build/obj/64/src/syscall/handlers/seek.o
LOAD /home/colin/projects/pkernel/build/obj/64/src/syscall/handlers/exit.o
LOAD /home/colin/projects/pkernel/build/obj/64/src/syscall/handlers/readdir.o
LOAD /home/colin/projects/pkernel/build/obj/64/src/syscall/handlers/chdir.o
LOAD /home/colin/projects/pkernel/build/obj/64/src/syscall/handlers/fork.o
LOAD /home/colin/projects/pkernel/build/obj/64/src/syscall/handlers/exec.o
LOAD /home/colin/projects/pkernel/build/obj/64/src/syscall/handlers/pipe.o
LOAD /home/colin/projects/pkernel/build/obj/64/src/syscall/handlers/dup.o
LOAD /home/colin/projects/pkernel/build/obj/64/src/interface/interface.o
LOAD /home/colin/projects/pkernel/build/obj/64/src/interface/interface_map.o
LOAD /home/colin/projects/pkernel/build/obj/64/src/interface/fifo.o
LOAD /home/colin/projects/pkernel/build/obj/64/src/filesystem/filesystem.o
LOAD /home/colin/projects/pkernel/build/obj/64/src/filesystem/directory_entry.o
LOAD /home/colin/projects/pkernel/build/obj/64/src/filesystem/superblock.o
LOAD /home/colin/projects/pkernel/build/obj/64/src/filesystem/node.o
LOAD /home/colin/projects/pkernel/build/obj/64/src/filesystem/pipe.o
LOAD /home/colin/projects/pkernel/build/obj/64/src/filesystem/file.o
LOAD /home/colin/projects/pkernel/build/obj/64/src/filesystem/ramfs/ramfs.o
LOAD /home/colin/projects/pkernel/build/obj/64/src/io/arbitrator.o
LOAD /home/colin/projects/pkernel/build/obj/64/src/timer/timer.o
LOAD /home/colin/projects/pkernel/build/obj/64/src/pci/pci.o
LOAD /home/colin/projects/pkernel/build/obj/64/src/event/event.o
LOAD /home/colin/projects/pkernel/build/obj/64/src/event/waiter.o
LOAD /home/colin/projects/pkernel/build/obj/64/src/process/process.o
LOAD /home/colin/projects/pkernel/build/obj/64/src/process/scheduler.o
LOAD /home/colin/projects/pkernel/build/obj/64/src/process/address_translation.o
LOAD /home/colin/projects/pkernel/build/obj/64/src/process/file_table.o
LOAD /home/colin/projects/pkernel/build/obj/64/src/process/thread_table.o
LOAD /home/colin/projects/pkernel/build/obj/64/src/process/signal.o
LOAD /home/colin/projects/pkernel/build/obj/64/src/process/signal_trampoline.o
LOAD /home/colin/projects/pkernel/build/obj/64/src/device/device.o
LOAD /home/colin/projects/pkernel/build/obj/64/src/device/devfs.o
LOAD /home/colin/projects/pkernel/build/obj/64/src/sysfs/sysfs.o
LOAD /home/colin/projects/pkernel/build/obj/64/src/interrupt/init.o
LOAD /home/colin/projects/pkernel/build/obj/64/src/interrupt/idt.o
LOAD /home/colin/projects/pkernel/build/obj/64/src/interrupt/handler_entries.o
LOAD /home/colin/projects/pkernel/build/obj/64/src/interrupt/interrupt_registry.o
LOAD /home/colin/projects/pkernel/build/obj/64/src/interrupt/pic.o
LOAD /home/colin/projects/pkernel/build/obj/64/src/interrupt/apic.o
LOAD /home/colin/projects/pkernel/build/obj/64/src/interrupt/handlers/div0.o
LOAD /home/colin/projects/pkernel/build/obj/64/src/interrupt/handlers/nmi.o
LOAD /home/colin/projects/pkernel/build/obj/64/src/interrupt/handlers/bp_int3.o
LOAD /home/colin/projects/pkernel/build/obj/64/src/interrupt/handlers/ovf.o
LOAD /home/colin/projects/pkernel/build/obj/64/src/interrupt/handlers/bound_range.o
LOAD /home/colin/projects/pkernel/build/obj/64/src/interrupt/handlers/invalid_opcode.o
LOAD /home/colin/projects/pkernel/build/obj/64/src/interrupt/handlers/device_not_avail.o
LOAD /home/colin/projects/pkernel/build/obj/64/src/interrupt/handlers/double_fault.o
LOAD /home/colin/projects/pkernel/build/obj/64/src/interrupt/handlers/coproc_segment_overrun.o
LOAD /home/colin/projects/pkernel/build/obj/64/src/interrupt/handlers/invalid_tss.o
LOAD /home/colin/projects/pkernel/build/obj/64/src/interrupt/handlers/segment_not_present.o
LOAD /home/colin/projects/pkernel/build/obj/64/src/interrupt/handlers/stack_segment_fault.o
LOAD /home/colin/projects/pkernel/build/obj/64/src/interrupt/handlers/general_protection_fault.o
LOAD /home/colin/projects/pkernel/build/obj/64/src/interrupt/handlers/page_fault.o
LOAD /home/colin/projects/pkernel/build/obj/64/src/interrupt/handlers/x87_fpu.o
LOAD /home/colin/projects/pkernel/build/obj/64/src/interrupt/handlers/alignment_check.o
LOAD /home/colin/projects/pkernel/build/obj/64/src/interrupt/handlers/machine_check.o
LOAD /home/colin/projects/pkernel/build/obj/64/src/interrupt/handlers/simd_fpu_error.o
LOAD /home/colin/projects/pkernel/build/obj/64/src/interrupt/handlers/timer_handler.o
LOAD /home/colin/projects/pkernel/build/obj/64/src/interrupt/handlers/keyboard_handler.o
LOAD /home/colin/projects/pkernel/build/obj/64/src/entry.o
LOAD /home/colin/projects/pkernel/build/obj/64/src/main.o
LOAD /home/colin/projects/pkernel/build/obj/64/src/entry_error.o
LOAD /home/colin/projects/pkernel/build/obj/64/src/user.o
LOAD /home/colin/projects/pkernel/build/module/modules/vga_frame_buffer/module.o
LOAD /home/colin/projects/pkernel/build/module/modules/keyboard_pio/module.o
LOAD /home/colin/projects/pkernel/build/module/modules/vga_terminal/module.o
LOAD /home/colin/projects/pkernel/build/module/modules/disc_pio/module.o
LOAD /home/colin/projects/pkernel/build/module/modules/pkfs/module.o
OUTPUT(kernel binary)
